>>>> [1] add1 <<<<
Executing command 'blank' ...
Executing command 'add' ...
Script.cpp:194:34: runtime error: reference binding to null pointer of type 'const struct Image'
Script.cpp:194:61: runtime error: load of null pointer of type 'const struct Image'
AddressSanitizer:DEADLYSIGNAL
=================================================================
==310==ERROR: AddressSanitizer: SEGV on unknown address 0x000000000000 (pc 0x7f2b03c8362f bp 0x7fffe9614790 sp 0x7fffe96145d0 T0)
==310==The signal is caused by a READ memory access.
==310==Hint: address points to the zero page.
    #0 0x7f2b03c8362f in prog::Script::add() /mnt/d/UPorto/Programação/project/Project-prog09g01/Script.cpp:194
    #1 0x7f2b03c80982 in prog::Script::run() /mnt/d/UPorto/Programação/project/Project-prog09g01/Script.cpp:92
    #2 0x7f2b03c6b35b in prog::TestDriver::test_script(std::__cxx11::basic_string<char, std::char_traits<char>, std::allocator<char> > const&) /mnt/d/UPorto/Programação/project/Project-prog09g01/test.cpp:43
    #3 0x7f2b03c6c15d in prog::TestDriver::run_test(std::__cxx11::basic_string<char, std::char_traits<char>, std::allocator<char> > const&) /mnt/d/UPorto/Programação/project/Project-prog09g01/test.cpp:79
    #4 0x7f2b03c6dfd3 in prog::TestDriver::test_scripts(std::__cxx11::basic_string<char, std::char_traits<char>, std::allocator<char> > const&) /mnt/d/UPorto/Programação/project/Project-prog09g01/test.cpp:165
    #5 0x7f2b03c6a420 in main /mnt/d/UPorto/Programação/project/Project-prog09g01/test.cpp:186
    #6 0x7f2b02629d8f in __libc_start_call_main ../sysdeps/nptl/libc_start_call_main.h:58
    #7 0x7f2b02629e3f in __libc_start_main_impl ../csu/libc-start.c:392
    #8 0x7f2b03c69fb4 in _start (/mnt/d/UPorto/Programação/project/Project-prog09g01/test+0x81fb4)

AddressSanitizer can not provide additional info.
SUMMARY: AddressSanitizer: SEGV /mnt/d/UPorto/Programação/project/Project-prog09g01/Script.cpp:194 in prog::Script::add()
==310==ABORTING
>>>> [2] add2 <<<<
Executing command 'blank' ...
Executing command 'add' ...
Script.cpp:194:34: runtime error: reference binding to null pointer of type 'const struct Image'
Script.cpp:194:61: runtime error: load of null pointer of type 'const struct Image'
AddressSanitizer:DEADLYSIGNAL
=================================================================
==311==ERROR: AddressSanitizer: SEGV on unknown address 0x000000000000 (pc 0x7f2b03c8362f bp 0x7fffe9614790 sp 0x7fffe96145d0 T0)
==311==The signal is caused by a READ memory access.
==311==Hint: address points to the zero page.
    #0 0x7f2b03c8362f in prog::Script::add() /mnt/d/UPorto/Programação/project/Project-prog09g01/Script.cpp:194
    #1 0x7f2b03c80982 in prog::Script::run() /mnt/d/UPorto/Programação/project/Project-prog09g01/Script.cpp:92
    #2 0x7f2b03c6b35b in prog::TestDriver::test_script(std::__cxx11::basic_string<char, std::char_traits<char>, std::allocator<char> > const&) /mnt/d/UPorto/Programação/project/Project-prog09g01/test.cpp:43
    #3 0x7f2b03c6c15d in prog::TestDriver::run_test(std::__cxx11::basic_string<char, std::char_traits<char>, std::allocator<char> > const&) /mnt/d/UPorto/Programação/project/Project-prog09g01/test.cpp:79
    #4 0x7f2b03c6dfd3 in prog::TestDriver::test_scripts(std::__cxx11::basic_string<char, std::char_traits<char>, std::allocator<char> > const&) /mnt/d/UPorto/Programação/project/Project-prog09g01/test.cpp:165
    #5 0x7f2b03c6a420 in main /mnt/d/UPorto/Programação/project/Project-prog09g01/test.cpp:186
    #6 0x7f2b02629d8f in __libc_start_call_main ../sysdeps/nptl/libc_start_call_main.h:58
    #7 0x7f2b02629e3f in __libc_start_main_impl ../csu/libc-start.c:392
    #8 0x7f2b03c69fb4 in _start (/mnt/d/UPorto/Programação/project/Project-prog09g01/test+0x81fb4)

AddressSanitizer can not provide additional info.
SUMMARY: AddressSanitizer: SEGV /mnt/d/UPorto/Programação/project/Project-prog09g01/Script.cpp:194 in prog::Script::add()
==311==ABORTING
>>>> [3] add3 <<<<
Executing command 'blank' ...
Executing command 'add' ...
Script.cpp:194:34: runtime error: reference binding to null pointer of type 'const struct Image'
Script.cpp:194:61: runtime error: load of null pointer of type 'const struct Image'
AddressSanitizer:DEADLYSIGNAL
=================================================================
==312==ERROR: AddressSanitizer: SEGV on unknown address 0x000000000000 (pc 0x7f2b03c8362f bp 0x7fffe9614790 sp 0x7fffe96145d0 T0)
==312==The signal is caused by a READ memory access.
==312==Hint: address points to the zero page.
    #0 0x7f2b03c8362f in prog::Script::add() /mnt/d/UPorto/Programação/project/Project-prog09g01/Script.cpp:194
    #1 0x7f2b03c80982 in prog::Script::run() /mnt/d/UPorto/Programação/project/Project-prog09g01/Script.cpp:92
    #2 0x7f2b03c6b35b in prog::TestDriver::test_script(std::__cxx11::basic_string<char, std::char_traits<char>, std::allocator<char> > const&) /mnt/d/UPorto/Programação/project/Project-prog09g01/test.cpp:43
    #3 0x7f2b03c6c15d in prog::TestDriver::run_test(std::__cxx11::basic_string<char, std::char_traits<char>, std::allocator<char> > const&) /mnt/d/UPorto/Programação/project/Project-prog09g01/test.cpp:79
    #4 0x7f2b03c6dfd3 in prog::TestDriver::test_scripts(std::__cxx11::basic_string<char, std::char_traits<char>, std::allocator<char> > const&) /mnt/d/UPorto/Programação/project/Project-prog09g01/test.cpp:165
    #5 0x7f2b03c6a420 in main /mnt/d/UPorto/Programação/project/Project-prog09g01/test.cpp:186
    #6 0x7f2b02629d8f in __libc_start_call_main ../sysdeps/nptl/libc_start_call_main.h:58
    #7 0x7f2b02629e3f in __libc_start_main_impl ../csu/libc-start.c:392
    #8 0x7f2b03c69fb4 in _start (/mnt/d/UPorto/Programação/project/Project-prog09g01/test+0x81fb4)

AddressSanitizer can not provide additional info.
SUMMARY: AddressSanitizer: SEGV /mnt/d/UPorto/Programação/project/Project-prog09g01/Script.cpp:194 in prog::Script::add()
==312==ABORTING
>>>> [4] add4 <<<<
Executing command 'open' ...
Executing command 'add' ...
Script.cpp:194:34: runtime error: reference binding to null pointer of type 'const struct Image'
Script.cpp:194:61: runtime error: load of null pointer of type 'const struct Image'
AddressSanitizer:DEADLYSIGNAL
=================================================================
==313==ERROR: AddressSanitizer: SEGV on unknown address 0x000000000000 (pc 0x7f2b03c8362f bp 0x7fffe9614790 sp 0x7fffe96145d0 T0)
==313==The signal is caused by a READ memory access.
==313==Hint: address points to the zero page.
    #0 0x7f2b03c8362f in prog::Script::add() /mnt/d/UPorto/Programação/project/Project-prog09g01/Script.cpp:194
    #1 0x7f2b03c80982 in prog::Script::run() /mnt/d/UPorto/Programação/project/Project-prog09g01/Script.cpp:92
    #2 0x7f2b03c6b35b in prog::TestDriver::test_script(std::__cxx11::basic_string<char, std::char_traits<char>, std::allocator<char> > const&) /mnt/d/UPorto/Programação/project/Project-prog09g01/test.cpp:43
    #3 0x7f2b03c6c15d in prog::TestDriver::run_test(std::__cxx11::basic_string<char, std::char_traits<char>, std::allocator<char> > const&) /mnt/d/UPorto/Programação/project/Project-prog09g01/test.cpp:79
    #4 0x7f2b03c6dfd3 in prog::TestDriver::test_scripts(std::__cxx11::basic_string<char, std::char_traits<char>, std::allocator<char> > const&) /mnt/d/UPorto/Programação/project/Project-prog09g01/test.cpp:165
    #5 0x7f2b03c6a420 in main /mnt/d/UPorto/Programação/project/Project-prog09g01/test.cpp:186
    #6 0x7f2b02629d8f in __libc_start_call_main ../sysdeps/nptl/libc_start_call_main.h:58
    #7 0x7f2b02629e3f in __libc_start_main_impl ../csu/libc-start.c:392
    #8 0x7f2b03c69fb4 in _start (/mnt/d/UPorto/Programação/project/Project-prog09g01/test+0x81fb4)

AddressSanitizer can not provide additional info.
SUMMARY: AddressSanitizer: SEGV /mnt/d/UPorto/Programação/project/Project-prog09g01/Script.cpp:194 in prog::Script::add()
==313==ABORTING
>>>> [5] add5 <<<<
Executing command 'blank' ...
Executing command 'add' ...
Script.cpp:194:34: runtime error: reference binding to null pointer of type 'const struct Image'
Script.cpp:194:61: runtime error: load of null pointer of type 'const struct Image'
AddressSanitizer:DEADLYSIGNAL
=================================================================
==314==ERROR: AddressSanitizer: SEGV on unknown address 0x000000000000 (pc 0x7f2b03c8362f bp 0x7fffe9614790 sp 0x7fffe96145d0 T0)
==314==The signal is caused by a READ memory access.
==314==Hint: address points to the zero page.
    #0 0x7f2b03c8362f in prog::Script::add() /mnt/d/UPorto/Programação/project/Project-prog09g01/Script.cpp:194
    #1 0x7f2b03c80982 in prog::Script::run() /mnt/d/UPorto/Programação/project/Project-prog09g01/Script.cpp:92
    #2 0x7f2b03c6b35b in prog::TestDriver::test_script(std::__cxx11::basic_string<char, std::char_traits<char>, std::allocator<char> > const&) /mnt/d/UPorto/Programação/project/Project-prog09g01/test.cpp:43
    #3 0x7f2b03c6c15d in prog::TestDriver::run_test(std::__cxx11::basic_string<char, std::char_traits<char>, std::allocator<char> > const&) /mnt/d/UPorto/Programação/project/Project-prog09g01/test.cpp:79
    #4 0x7f2b03c6dfd3 in prog::TestDriver::test_scripts(std::__cxx11::basic_string<char, std::char_traits<char>, std::allocator<char> > const&) /mnt/d/UPorto/Programação/project/Project-prog09g01/test.cpp:165
    #5 0x7f2b03c6a420 in main /mnt/d/UPorto/Programação/project/Project-prog09g01/test.cpp:186
    #6 0x7f2b02629d8f in __libc_start_call_main ../sysdeps/nptl/libc_start_call_main.h:58
    #7 0x7f2b02629e3f in __libc_start_main_impl ../csu/libc-start.c:392
    #8 0x7f2b03c69fb4 in _start (/mnt/d/UPorto/Programação/project/Project-prog09g01/test+0x81fb4)

AddressSanitizer can not provide additional info.
SUMMARY: AddressSanitizer: SEGV /mnt/d/UPorto/Programação/project/Project-prog09g01/Script.cpp:194 in prog::Script::add()
==314==ABORTING
>>>> [6] basic_blank1 <<<<
Executing command 'blank' ...
Executing command 'save' ...
>>>> [7] basic_blank2 <<<<
Executing command 'blank' ...
Executing command 'save' ...
>>>> [8] basic_blank3 <<<<
Executing command 'blank' ...
Executing command 'blank' ...
Executing command 'save' ...
>>>> [9] basic_open1 <<<<
Executing command 'open' ...
Executing command 'save' ...
>>>> [10] basic_open2 <<<<
Executing command 'open' ...
Executing command 'open' ...
Executing command 'save' ...
>>>> [11] crop1 <<<<
Executing command 'open' ...
Executing command 'crop' ...
Executing command 'save' ...
>>>> [12] crop2 <<<<
Executing command 'open' ...
Executing command 'crop' ...
Executing command 'save' ...
>>>> [13] crop3 <<<<
Executing command 'open' ...
Executing command 'crop' ...
Executing command 'crop' ...
Executing command 'save' ...
>>>> [14] crop4 <<<<
Executing command 'open' ...
Executing command 'crop' ...
Executing command 'save' ...
>>>> [15] crop5 <<<<
Executing command 'open' ...
Executing command 'crop' ...
Executing command 'crop' ...
Executing command 'save' ...
>>>> [16] crop6 <<<<
Executing command 'open' ...
Executing command 'crop' ...
Executing command 'crop' ...
Executing command 'crop' ...
Executing command 'save' ...
>>>> [17] extra1 <<<<
Executing command 'blank' ...
Executing command 'add' ...
Script.cpp:194:34: runtime error: reference binding to null pointer of type 'const struct Image'
Script.cpp:194:61: runtime error: load of null pointer of type 'const struct Image'
AddressSanitizer:DEADLYSIGNAL
=================================================================
==337==ERROR: AddressSanitizer: SEGV on unknown address 0x000000000000 (pc 0x7f2b03c8362f bp 0x7fffe9614790 sp 0x7fffe96145d0 T0)
==337==The signal is caused by a READ memory access.
==337==Hint: address points to the zero page.
    #0 0x7f2b03c8362f in prog::Script::add() /mnt/d/UPorto/Programação/project/Project-prog09g01/Script.cpp:194
    #1 0x7f2b03c80982 in prog::Script::run() /mnt/d/UPorto/Programação/project/Project-prog09g01/Script.cpp:92
    #2 0x7f2b03c6b35b in prog::TestDriver::test_script(std::__cxx11::basic_string<char, std::char_traits<char>, std::allocator<char> > const&) /mnt/d/UPorto/Programação/project/Project-prog09g01/test.cpp:43
    #3 0x7f2b03c6c15d in prog::TestDriver::run_test(std::__cxx11::basic_string<char, std::char_traits<char>, std::allocator<char> > const&) /mnt/d/UPorto/Programação/project/Project-prog09g01/test.cpp:79
    #4 0x7f2b03c6dfd3 in prog::TestDriver::test_scripts(std::__cxx11::basic_string<char, std::char_traits<char>, std::allocator<char> > const&) /mnt/d/UPorto/Programação/project/Project-prog09g01/test.cpp:165
    #5 0x7f2b03c6a420 in main /mnt/d/UPorto/Programação/project/Project-prog09g01/test.cpp:186
    #6 0x7f2b02629d8f in __libc_start_call_main ../sysdeps/nptl/libc_start_call_main.h:58
    #7 0x7f2b02629e3f in __libc_start_main_impl ../csu/libc-start.c:392
    #8 0x7f2b03c69fb4 in _start (/mnt/d/UPorto/Programação/project/Project-prog09g01/test+0x81fb4)

AddressSanitizer can not provide additional info.
SUMMARY: AddressSanitizer: SEGV /mnt/d/UPorto/Programação/project/Project-prog09g01/Script.cpp:194 in prog::Script::add()
==337==ABORTING
>>>> [18] extra2 <<<<
Executing command 'blank' ...
Executing command 'add' ...
Script.cpp:194:34: runtime error: reference binding to null pointer of type 'const struct Image'
Script.cpp:194:61: runtime error: load of null pointer of type 'const struct Image'
AddressSanitizer:DEADLYSIGNAL
=================================================================
==338==ERROR: AddressSanitizer: SEGV on unknown address 0x000000000000 (pc 0x7f2b03c8362f bp 0x7fffe9614790 sp 0x7fffe96145d0 T0)
==338==The signal is caused by a READ memory access.
==338==Hint: address points to the zero page.
    #0 0x7f2b03c8362f in prog::Script::add() /mnt/d/UPorto/Programação/project/Project-prog09g01/Script.cpp:194
    #1 0x7f2b03c80982 in prog::Script::run() /mnt/d/UPorto/Programação/project/Project-prog09g01/Script.cpp:92
    #2 0x7f2b03c6b35b in prog::TestDriver::test_script(std::__cxx11::basic_string<char, std::char_traits<char>, std::allocator<char> > const&) /mnt/d/UPorto/Programação/project/Project-prog09g01/test.cpp:43
    #3 0x7f2b03c6c15d in prog::TestDriver::run_test(std::__cxx11::basic_string<char, std::char_traits<char>, std::allocator<char> > const&) /mnt/d/UPorto/Programação/project/Project-prog09g01/test.cpp:79
    #4 0x7f2b03c6dfd3 in prog::TestDriver::test_scripts(std::__cxx11::basic_string<char, std::char_traits<char>, std::allocator<char> > const&) /mnt/d/UPorto/Programação/project/Project-prog09g01/test.cpp:165
    #5 0x7f2b03c6a420 in main /mnt/d/UPorto/Programação/project/Project-prog09g01/test.cpp:186
    #6 0x7f2b02629d8f in __libc_start_call_main ../sysdeps/nptl/libc_start_call_main.h:58
    #7 0x7f2b02629e3f in __libc_start_main_impl ../csu/libc-start.c:392
    #8 0x7f2b03c69fb4 in _start (/mnt/d/UPorto/Programação/project/Project-prog09g01/test+0x81fb4)

AddressSanitizer can not provide additional info.
SUMMARY: AddressSanitizer: SEGV /mnt/d/UPorto/Programação/project/Project-prog09g01/Script.cpp:194 in prog::Script::add()
==338==ABORTING
>>>> [19] extra3 <<<<
Executing command 'open' ...
Executing command 'invert' ...
Executing command 'rotate_left' ...
Executing command 'h_mirror' ...
Executing command 'save' ...
Executing command 'open' ...
Executing command 'rotate_right' ...
Executing command 'v_mirror' ...
Executing command 'invert' ...
Executing command 'save' ...
Executing command 'blank' ...
Executing command 'add' ...
Script.cpp:194:34: runtime error: reference binding to null pointer of type 'const struct Image'
Script.cpp:194:61: runtime error: load of null pointer of type 'const struct Image'
AddressSanitizer:DEADLYSIGNAL
=================================================================
==339==ERROR: AddressSanitizer: SEGV on unknown address 0x000000000000 (pc 0x7f2b03c8362f bp 0x7fffe9614790 sp 0x7fffe96145d0 T0)
==339==The signal is caused by a READ memory access.
==339==Hint: address points to the zero page.
    #0 0x7f2b03c8362f in prog::Script::add() /mnt/d/UPorto/Programação/project/Project-prog09g01/Script.cpp:194
    #1 0x7f2b03c80982 in prog::Script::run() /mnt/d/UPorto/Programação/project/Project-prog09g01/Script.cpp:92
    #2 0x7f2b03c6b35b in prog::TestDriver::test_script(std::__cxx11::basic_string<char, std::char_traits<char>, std::allocator<char> > const&) /mnt/d/UPorto/Programação/project/Project-prog09g01/test.cpp:43
    #3 0x7f2b03c6c15d in prog::TestDriver::run_test(std::__cxx11::basic_string<char, std::char_traits<char>, std::allocator<char> > const&) /mnt/d/UPorto/Programação/project/Project-prog09g01/test.cpp:79
    #4 0x7f2b03c6dfd3 in prog::TestDriver::test_scripts(std::__cxx11::basic_string<char, std::char_traits<char>, std::allocator<char> > const&) /mnt/d/UPorto/Programação/project/Project-prog09g01/test.cpp:165
    #5 0x7f2b03c6a420 in main /mnt/d/UPorto/Programação/project/Project-prog09g01/test.cpp:186
    #6 0x7f2b02629d8f in __libc_start_call_main ../sysdeps/nptl/libc_start_call_main.h:58
    #7 0x7f2b02629e3f in __libc_start_main_impl ../csu/libc-start.c:392
    #8 0x7f2b03c69fb4 in _start (/mnt/d/UPorto/Programação/project/Project-prog09g01/test+0x81fb4)

AddressSanitizer can not provide additional info.
SUMMARY: AddressSanitizer: SEGV /mnt/d/UPorto/Programação/project/Project-prog09g01/Script.cpp:194 in prog::Script::add()
==339==ABORTING
>>>> [20] extra4 <<<<
Executing command 'blank' ...
Executing command 'fill' ...
Executing command 'add' ...
Script.cpp:194:34: runtime error: reference binding to null pointer of type 'const struct Image'
Script.cpp:194:61: runtime error: load of null pointer of type 'const struct Image'
AddressSanitizer:DEADLYSIGNAL
=================================================================
==340==ERROR: AddressSanitizer: SEGV on unknown address 0x000000000000 (pc 0x7f2b03c8362f bp 0x7fffe9614790 sp 0x7fffe96145d0 T0)
==340==The signal is caused by a READ memory access.
==340==Hint: address points to the zero page.
    #0 0x7f2b03c8362f in prog::Script::add() /mnt/d/UPorto/Programação/project/Project-prog09g01/Script.cpp:194
    #1 0x7f2b03c80982 in prog::Script::run() /mnt/d/UPorto/Programação/project/Project-prog09g01/Script.cpp:92
    #2 0x7f2b03c6b35b in prog::TestDriver::test_script(std::__cxx11::basic_string<char, std::char_traits<char>, std::allocator<char> > const&) /mnt/d/UPorto/Programação/project/Project-prog09g01/test.cpp:43
    #3 0x7f2b03c6c15d in prog::TestDriver::run_test(std::__cxx11::basic_string<char, std::char_traits<char>, std::allocator<char> > const&) /mnt/d/UPorto/Programação/project/Project-prog09g01/test.cpp:79
    #4 0x7f2b03c6dfd3 in prog::TestDriver::test_scripts(std::__cxx11::basic_string<char, std::char_traits<char>, std::allocator<char> > const&) /mnt/d/UPorto/Programação/project/Project-prog09g01/test.cpp:165
    #5 0x7f2b03c6a420 in main /mnt/d/UPorto/Programação/project/Project-prog09g01/test.cpp:186
    #6 0x7f2b02629d8f in __libc_start_call_main ../sysdeps/nptl/libc_start_call_main.h:58
    #7 0x7f2b02629e3f in __libc_start_main_impl ../csu/libc-start.c:392
    #8 0x7f2b03c69fb4 in _start (/mnt/d/UPorto/Programação/project/Project-prog09g01/test+0x81fb4)

AddressSanitizer can not provide additional info.
SUMMARY: AddressSanitizer: SEGV /mnt/d/UPorto/Programação/project/Project-prog09g01/Script.cpp:194 in prog::Script::add()
==340==ABORTING
>>>> [21] fill1 <<<<
Executing command 'open' ...
Executing command 'fill' ...
Executing command 'save' ...
>>>> [22] fill2 <<<<
Executing command 'open' ...
Executing command 'fill' ...
Executing command 'fill' ...
Executing command 'fill' ...
Executing command 'save' ...
>>>> [23] fill3 <<<<
Executing command 'open' ...
Executing command 'fill' ...
Executing command 'save' ...
>>>> [24] fill4 <<<<
Executing command 'blank' ...
Executing command 'fill' ...
Executing command 'fill' ...
Executing command 'fill' ...
Executing command 'fill' ...
Executing command 'fill' ...
Executing command 'fill' ...
Executing command 'save' ...
>>>> [25] h_mirror1 <<<<
Executing command 'open' ...
Executing command 'h_mirror' ...
Executing command 'save' ...
>>>> [26] h_mirror2 <<<<
Executing command 'open' ...
Executing command 'h_mirror' ...
Executing command 'h_mirror' ...
Executing command 'save' ...
>>>> [27] h_mirror3 <<<<
Executing command 'open' ...
Executing command 'h_mirror' ...
Executing command 'save' ...
>>>> [28] h_mirror4 <<<<
Executing command 'open' ...
Executing command 'h_mirror' ...
Executing command 'save' ...
>>>> [29] invert1 <<<<
Executing command 'open' ...
Executing command 'invert' ...
Executing command 'save' ...
>>>> [30] invert2 <<<<
Executing command 'open' ...
Executing command 'invert' ...
Executing command 'invert' ...
Executing command 'save' ...
>>>> [31] invert3 <<<<
Executing command 'open' ...
Executing command 'invert' ...
Executing command 'save' ...
>>>> [32] invert4 <<<<
Executing command 'open' ...
Executing command 'invert' ...
Executing command 'save' ...
>>>> [33] median_filter1 <<<<
Executing command 'open' ...
Executing command 'median_filter' ...
Executing command '3' ...
Executing command 'save' ...
Images differ at pixel (0, 0)
255 245 211 vs 255 255 221
>>>> [34] median_filter2 <<<<
Executing command 'open' ...
Executing command 'median_filter' ...
Executing command '5' ...
Executing command 'save' ...
Images differ at pixel (0, 0)
255 243 210 vs 255 255 221
>>>> [35] median_filter3 <<<<
Executing command 'open' ...
Executing command 'median_filter' ...
Executing command '7' ...
Executing command 'median_filter' ...
Executing command '3' ...
Executing command 'save' ...
Images differ at pixel (0, 0)
46 66 84 vs 52 73 91
>>>> [36] median_filter4 <<<<
Executing command 'open' ...
Executing command 'median_filter' ...
Executing command '3' ...
Executing command 'median_filter' ...
Executing command '3' ...
Executing command 'save' ...
Images differ at pixel (0, 0)
128 128 128 vs 112 112 112
>>>> [37] median_filter5 <<<<
Executing command 'open' ...
Executing command 'median_filter' ...
Executing command '3' ...
Executing command 'median_filter' ...
Executing command '3' ...
Executing command 'median_filter' ...
Executing command '3' ...
Executing command 'median_filter' ...
Executing command '3' ...
Executing command 'save' ...
Images differ at pixel (7, 0)
38 48 114 vs 38 48 113
>>>> [38] replace1 <<<<
Executing command 'open' ...
Executing command 'replace' ...
Executing command 'save' ...
>>>> [39] replace2 <<<<
Executing command 'open' ...
Executing command 'replace' ...
Executing command 'save' ...
>>>> [40] replace3 <<<<
Executing command 'open' ...
Executing command 'replace' ...
Executing command 'replace' ...
Executing command 'save' ...
>>>> [41] rotate_left1 <<<<
Executing command 'open' ...
Executing command 'rotate_left' ...
Executing command 'save' ...
Images differ at pixel (30, 32)
255 3 3 vs 255 255 255
>>>> [42] rotate_left2 <<<<
Executing command 'open' ...
Executing command 'rotate_left' ...
Executing command 'rotate_left' ...
Executing command 'save' ...
>>>> [43] rotate_left3 <<<<
Executing command 'open' ...
Executing command 'rotate_left' ...
Executing command 'rotate_left' ...
Executing command 'rotate_left' ...
Executing command 'save' ...
Images differ at pixel (344, 5)
0 0 0 vs 255 0 0
>>>> [44] rotate_left_rotate_right1 <<<<
Executing command 'open' ...
Executing command 'rotate_left' ...
Executing command 'rotate_right' ...
Executing command 'save' ...
>>>> [45] rotate_left_rotate_right2 <<<<
Executing command 'open' ...
Executing command 'rotate_left' ...
Executing command 'rotate_right' ...
Executing command 'rotate_right' ...
Executing command 'save' ...
Images differ at pixel (0, 0)
254 254 254 vs 255 255 255
>>>> [46] rotate_right1 <<<<
Executing command 'open' ...
Executing command 'rotate_right' ...
Executing command 'save' ...
Images differ at pixel (30, 32)
255 255 255 vs 255 3 3
>>>> [47] rotate_right2 <<<<
Executing command 'open' ...
Executing command 'rotate_right' ...
Executing command 'rotate_right' ...
Executing command 'save' ...
>>>> [48] rotate_right3 <<<<
Executing command 'open' ...
Executing command 'rotate_right' ...
Executing command 'rotate_right' ...
Executing command 'save' ...
>>>> [49] to_gray_scale1 <<<<
Executing command 'open' ...
Executing command 'to_gray_scale' ...
Executing command 'save' ...
>>>> [50] to_gray_scale2 <<<<
Executing command 'open' ...
Executing command 'to_gray_scale' ...
Executing command 'to_gray_scale' ...
Executing command 'save' ...
>>>> [51] to_gray_scale3 <<<<
Executing command 'open' ...
Executing command 'to_gray_scale' ...
Executing command 'save' ...
>>>> [52] to_gray_scale4 <<<<
Executing command 'open' ...
Executing command 'to_gray_scale' ...
Executing command 'save' ...
>>>> [53] v_mirror1 <<<<
Executing command 'open' ...
Executing command 'v_mirror' ...
Executing command 'save' ...
>>>> [54] v_mirror2 <<<<
Executing command 'open' ...
Executing command 'v_mirror' ...
Executing command 'v_mirror' ...
Executing command 'save' ...
>>>> [55] v_mirror3 <<<<
Executing command 'open' ...
Executing command 'v_mirror' ...
Executing command 'save' ...
>>>> [56] v_mirror4 <<<<
Executing command 'open' ...
Executing command 'v_mirror' ...
Executing command 'save' ...
>>>> [57] xpm2_open1 <<<<
Executing command 'xpm2_open' ...
Executing command 'input/blarg.xpm' ...
Executing command 'save' ...
PNG.cpp:31:30: runtime error: member call on null pointer of type 'const struct Image'
Image.cpp:55:12: runtime error: member access within null pointer of type 'const struct Image'
AddressSanitizer:DEADLYSIGNAL
=================================================================
==413==ERROR: AddressSanitizer: SEGV on unknown address 0x000000000004 (pc 0x7f2b03c7a8ad bp 0x7fffe96145e0 sp 0x7fffe96145d0 T0)
==413==The signal is caused by a READ memory access.
==413==Hint: address points to the zero page.
    #0 0x7f2b03c7a8ad in prog::Image::height() const /mnt/d/UPorto/Programação/project/Project-prog09g01/Image.cpp:55
    #1 0x7f2b03cc79e0 in prog::saveToPNG(std::__cxx11::basic_string<char, std::char_traits<char>, std::allocator<char> > const&, prog::Image const*) /mnt/d/UPorto/Programação/project/Project-prog09g01/PNG.cpp:31
    #2 0x7f2b03c81c56 in prog::Script::save() /mnt/d/UPorto/Programação/project/Project-prog09g01/Script.cpp:149
    #3 0x7f2b03c806f7 in prog::Script::run() /mnt/d/UPorto/Programação/project/Project-prog09g01/Script.cpp:57
    #4 0x7f2b03c6b35b in prog::TestDriver::test_script(std::__cxx11::basic_string<char, std::char_traits<char>, std::allocator<char> > const&) /mnt/d/UPorto/Programação/project/Project-prog09g01/test.cpp:43
    #5 0x7f2b03c6c15d in prog::TestDriver::run_test(std::__cxx11::basic_string<char, std::char_traits<char>, std::allocator<char> > const&) /mnt/d/UPorto/Programação/project/Project-prog09g01/test.cpp:79
    #6 0x7f2b03c6dfd3 in prog::TestDriver::test_scripts(std::__cxx11::basic_string<char, std::char_traits<char>, std::allocator<char> > const&) /mnt/d/UPorto/Programação/project/Project-prog09g01/test.cpp:165
    #7 0x7f2b03c6a420 in main /mnt/d/UPorto/Programação/project/Project-prog09g01/test.cpp:186
    #8 0x7f2b02629d8f in __libc_start_call_main ../sysdeps/nptl/libc_start_call_main.h:58
    #9 0x7f2b02629e3f in __libc_start_main_impl ../csu/libc-start.c:392
    #10 0x7f2b03c69fb4 in _start (/mnt/d/UPorto/Programação/project/Project-prog09g01/test+0x81fb4)

AddressSanitizer can not provide additional info.
SUMMARY: AddressSanitizer: SEGV /mnt/d/UPorto/Programação/project/Project-prog09g01/Image.cpp:55 in prog::Image::height() const
==413==ABORTING
>>>> [58] xpm2_open2 <<<<
Executing command 'xpm2_open' ...
Executing command 'input/squares.xpm' ...
Executing command 'save' ...
PNG.cpp:31:30: runtime error: member call on null pointer of type 'const struct Image'
Image.cpp:55:12: runtime error: member access within null pointer of type 'const struct Image'
AddressSanitizer:DEADLYSIGNAL
=================================================================
==414==ERROR: AddressSanitizer: SEGV on unknown address 0x000000000004 (pc 0x7f2b03c7a8ad bp 0x7fffe96145e0 sp 0x7fffe96145d0 T0)
==414==The signal is caused by a READ memory access.
==414==Hint: address points to the zero page.
    #0 0x7f2b03c7a8ad in prog::Image::height() const /mnt/d/UPorto/Programação/project/Project-prog09g01/Image.cpp:55
    #1 0x7f2b03cc79e0 in prog::saveToPNG(std::__cxx11::basic_string<char, std::char_traits<char>, std::allocator<char> > const&, prog::Image const*) /mnt/d/UPorto/Programação/project/Project-prog09g01/PNG.cpp:31
    #2 0x7f2b03c81c56 in prog::Script::save() /mnt/d/UPorto/Programação/project/Project-prog09g01/Script.cpp:149
    #3 0x7f2b03c806f7 in prog::Script::run() /mnt/d/UPorto/Programação/project/Project-prog09g01/Script.cpp:57
    #4 0x7f2b03c6b35b in prog::TestDriver::test_script(std::__cxx11::basic_string<char, std::char_traits<char>, std::allocator<char> > const&) /mnt/d/UPorto/Programação/project/Project-prog09g01/test.cpp:43
    #5 0x7f2b03c6c15d in prog::TestDriver::run_test(std::__cxx11::basic_string<char, std::char_traits<char>, std::allocator<char> > const&) /mnt/d/UPorto/Programação/project/Project-prog09g01/test.cpp:79
    #6 0x7f2b03c6dfd3 in prog::TestDriver::test_scripts(std::__cxx11::basic_string<char, std::char_traits<char>, std::allocator<char> > const&) /mnt/d/UPorto/Programação/project/Project-prog09g01/test.cpp:165
    #7 0x7f2b03c6a420 in main /mnt/d/UPorto/Programação/project/Project-prog09g01/test.cpp:186
    #8 0x7f2b02629d8f in __libc_start_call_main ../sysdeps/nptl/libc_start_call_main.h:58
    #9 0x7f2b02629e3f in __libc_start_main_impl ../csu/libc-start.c:392
    #10 0x7f2b03c69fb4 in _start (/mnt/d/UPorto/Programação/project/Project-prog09g01/test+0x81fb4)

AddressSanitizer can not provide additional info.
SUMMARY: AddressSanitizer: SEGV /mnt/d/UPorto/Programação/project/Project-prog09g01/Image.cpp:55 in prog::Image::height() const
==414==ABORTING
>>>> [59] xpm2_open3 <<<<
Executing command 'xpm2_open' ...
Executing command 'input/tetris.xpm' ...
Executing command 'save' ...
PNG.cpp:31:30: runtime error: member call on null pointer of type 'const struct Image'
Image.cpp:55:12: runtime error: member access within null pointer of type 'const struct Image'
AddressSanitizer:DEADLYSIGNAL
=================================================================
==415==ERROR: AddressSanitizer: SEGV on unknown address 0x000000000004 (pc 0x7f2b03c7a8ad bp 0x7fffe96145e0 sp 0x7fffe96145d0 T0)
==415==The signal is caused by a READ memory access.
==415==Hint: address points to the zero page.
    #0 0x7f2b03c7a8ad in prog::Image::height() const /mnt/d/UPorto/Programação/project/Project-prog09g01/Image.cpp:55
    #1 0x7f2b03cc79e0 in prog::saveToPNG(std::__cxx11::basic_string<char, std::char_traits<char>, std::allocator<char> > const&, prog::Image const*) /mnt/d/UPorto/Programação/project/Project-prog09g01/PNG.cpp:31
    #2 0x7f2b03c81c56 in prog::Script::save() /mnt/d/UPorto/Programação/project/Project-prog09g01/Script.cpp:149
    #3 0x7f2b03c806f7 in prog::Script::run() /mnt/d/UPorto/Programação/project/Project-prog09g01/Script.cpp:57
    #4 0x7f2b03c6b35b in prog::TestDriver::test_script(std::__cxx11::basic_string<char, std::char_traits<char>, std::allocator<char> > const&) /mnt/d/UPorto/Programação/project/Project-prog09g01/test.cpp:43
    #5 0x7f2b03c6c15d in prog::TestDriver::run_test(std::__cxx11::basic_string<char, std::char_traits<char>, std::allocator<char> > const&) /mnt/d/UPorto/Programação/project/Project-prog09g01/test.cpp:79
    #6 0x7f2b03c6dfd3 in prog::TestDriver::test_scripts(std::__cxx11::basic_string<char, std::char_traits<char>, std::allocator<char> > const&) /mnt/d/UPorto/Programação/project/Project-prog09g01/test.cpp:165
    #7 0x7f2b03c6a420 in main /mnt/d/UPorto/Programação/project/Project-prog09g01/test.cpp:186
    #8 0x7f2b02629d8f in __libc_start_call_main ../sysdeps/nptl/libc_start_call_main.h:58
    #9 0x7f2b02629e3f in __libc_start_main_impl ../csu/libc-start.c:392
    #10 0x7f2b03c69fb4 in _start (/mnt/d/UPorto/Programação/project/Project-prog09g01/test+0x81fb4)

AddressSanitizer can not provide additional info.
SUMMARY: AddressSanitizer: SEGV /mnt/d/UPorto/Programação/project/Project-prog09g01/Image.cpp:55 in prog::Image::height() const
==415==ABORTING
>>>> [60] xpm2_open4 <<<<
Executing command 'xpm2_open' ...
Executing command 'input/mondrian.xpm' ...
Executing command 'save' ...
PNG.cpp:31:30: runtime error: member call on null pointer of type 'const struct Image'
Image.cpp:55:12: runtime error: member access within null pointer of type 'const struct Image'
AddressSanitizer:DEADLYSIGNAL
=================================================================
==416==ERROR: AddressSanitizer: SEGV on unknown address 0x000000000004 (pc 0x7f2b03c7a8ad bp 0x7fffe96145e0 sp 0x7fffe96145d0 T0)
==416==The signal is caused by a READ memory access.
==416==Hint: address points to the zero page.
    #0 0x7f2b03c7a8ad in prog::Image::height() const /mnt/d/UPorto/Programação/project/Project-prog09g01/Image.cpp:55
    #1 0x7f2b03cc79e0 in prog::saveToPNG(std::__cxx11::basic_string<char, std::char_traits<char>, std::allocator<char> > const&, prog::Image const*) /mnt/d/UPorto/Programação/project/Project-prog09g01/PNG.cpp:31
    #2 0x7f2b03c81c56 in prog::Script::save() /mnt/d/UPorto/Programação/project/Project-prog09g01/Script.cpp:149
    #3 0x7f2b03c806f7 in prog::Script::run() /mnt/d/UPorto/Programação/project/Project-prog09g01/Script.cpp:57
    #4 0x7f2b03c6b35b in prog::TestDriver::test_script(std::__cxx11::basic_string<char, std::char_traits<char>, std::allocator<char> > const&) /mnt/d/UPorto/Programação/project/Project-prog09g01/test.cpp:43
    #5 0x7f2b03c6c15d in prog::TestDriver::run_test(std::__cxx11::basic_string<char, std::char_traits<char>, std::allocator<char> > const&) /mnt/d/UPorto/Programação/project/Project-prog09g01/test.cpp:79
    #6 0x7f2b03c6dfd3 in prog::TestDriver::test_scripts(std::__cxx11::basic_string<char, std::char_traits<char>, std::allocator<char> > const&) /mnt/d/UPorto/Programação/project/Project-prog09g01/test.cpp:165
    #7 0x7f2b03c6a420 in main /mnt/d/UPorto/Programação/project/Project-prog09g01/test.cpp:186
    #8 0x7f2b02629d8f in __libc_start_call_main ../sysdeps/nptl/libc_start_call_main.h:58
    #9 0x7f2b02629e3f in __libc_start_main_impl ../csu/libc-start.c:392
    #10 0x7f2b03c69fb4 in _start (/mnt/d/UPorto/Programação/project/Project-prog09g01/test+0x81fb4)

AddressSanitizer can not provide additional info.
SUMMARY: AddressSanitizer: SEGV /mnt/d/UPorto/Programação/project/Project-prog09g01/Image.cpp:55 in prog::Image::height() const
==416==ABORTING
>>>> [61] xpm2_open5 <<<<
Executing command 'xpm2_open' ...
Executing command 'input/lion.xpm' ...
Executing command 'save' ...
PNG.cpp:31:30: runtime error: member call on null pointer of type 'const struct Image'
Image.cpp:55:12: runtime error: member access within null pointer of type 'const struct Image'
AddressSanitizer:DEADLYSIGNAL
=================================================================
==417==ERROR: AddressSanitizer: SEGV on unknown address 0x000000000004 (pc 0x7f2b03c7a8ad bp 0x7fffe96145e0 sp 0x7fffe96145d0 T0)
==417==The signal is caused by a READ memory access.
==417==Hint: address points to the zero page.
    #0 0x7f2b03c7a8ad in prog::Image::height() const /mnt/d/UPorto/Programação/project/Project-prog09g01/Image.cpp:55
    #1 0x7f2b03cc79e0 in prog::saveToPNG(std::__cxx11::basic_string<char, std::char_traits<char>, std::allocator<char> > const&, prog::Image const*) /mnt/d/UPorto/Programação/project/Project-prog09g01/PNG.cpp:31
    #2 0x7f2b03c81c56 in prog::Script::save() /mnt/d/UPorto/Programação/project/Project-prog09g01/Script.cpp:149
    #3 0x7f2b03c806f7 in prog::Script::run() /mnt/d/UPorto/Programação/project/Project-prog09g01/Script.cpp:57
    #4 0x7f2b03c6b35b in prog::TestDriver::test_script(std::__cxx11::basic_string<char, std::char_traits<char>, std::allocator<char> > const&) /mnt/d/UPorto/Programação/project/Project-prog09g01/test.cpp:43
    #5 0x7f2b03c6c15d in prog::TestDriver::run_test(std::__cxx11::basic_string<char, std::char_traits<char>, std::allocator<char> > const&) /mnt/d/UPorto/Programação/project/Project-prog09g01/test.cpp:79
    #6 0x7f2b03c6dfd3 in prog::TestDriver::test_scripts(std::__cxx11::basic_string<char, std::char_traits<char>, std::allocator<char> > const&) /mnt/d/UPorto/Programação/project/Project-prog09g01/test.cpp:165
    #7 0x7f2b03c6a420 in main /mnt/d/UPorto/Programação/project/Project-prog09g01/test.cpp:186
    #8 0x7f2b02629d8f in __libc_start_call_main ../sysdeps/nptl/libc_start_call_main.h:58
    #9 0x7f2b02629e3f in __libc_start_main_impl ../csu/libc-start.c:392
    #10 0x7f2b03c69fb4 in _start (/mnt/d/UPorto/Programação/project/Project-prog09g01/test+0x81fb4)

AddressSanitizer can not provide additional info.
SUMMARY: AddressSanitizer: SEGV /mnt/d/UPorto/Programação/project/Project-prog09g01/Image.cpp:55 in prog::Image::height() const
==417==ABORTING
>>>> [62] xpm2_save1 <<<<
Executing command 'open' ...
Executing command 'xpm2_save' ...
Executing command 'output/xpm2_save1.xpm' ...
Executing command 'blank' ...
Executing command 'xpm2_open' ...
Executing command 'output/xpm2_save1.xpm' ...
Executing command 'save' ...
Images have different dimensions: 16x7 != 1x1
>>>> [63] xpm2_save2 <<<<
Executing command 'open' ...
Executing command 'xpm2_save' ...
Executing command 'output/xpm2_save2.xpm' ...
Executing command 'blank' ...
Executing command 'xpm2_open' ...
Executing command 'output/xpm2_save2.xpm' ...
Executing command 'save' ...
Images have different dimensions: 150x150 != 1x1
>>>> [64] xpm2_save3 <<<<
Executing command 'open' ...
Executing command 'xpm2_save' ...
Executing command 'output/xpm2_save3.xpm' ...
Executing command 'blank' ...
Executing command 'xpm2_open' ...
Executing command 'output/xpm2_save3.xpm' ...
Executing command 'save' ...
Images have different dimensions: 300x300 != 1x1
>>>> [65] xpm2_save4 <<<<
Executing command 'open' ...
Executing command 'xpm2_save' ...
Executing command 'output/xpm2_save4.xpm' ...
Executing command 'blank' ...
Executing command 'xpm2_open' ...
Executing command 'output/xpm2_save4.xpm' ...
Executing command 'save' ...
Images have different dimensions: 270x480 != 1x1
>>>> [66] xpm2_save5 <<<<
Executing command 'open' ...
Executing command 'xpm2_save' ...
Executing command 'output/xpm2_save5.xpm' ...
Executing command 'blank' ...
Executing command 'xpm2_open' ...
Executing command 'output/xpm2_save5.xpm' ...
Executing command 'save' ...
Images have different dimensions: 250x380 != 1x1
